
[1m[46m RUN [49m[22m [36mv4.0.18 [39m[90mC:/Users/user/Desktop/dev_post/rin[39m

[90mstdout[2m | tests/mastra-tools.test.ts
[22m[39m[dotenv@17.3.1] injecting env (8) from .env -- tip: 🛠️  run anywhere with `dotenvx run -- yourcommand`

 [31m❯[39m tests/mastra-tools.test.ts [2m([22m[2m5 tests[22m[2m | [22m[31m2 failed[39m[2m)[22m[33m 7462[2mms[22m[39m
     [33m[2m✓[22m[39m getStudentProfileTool retrieves basic student identity by ID [33m 2555[2mms[22m[39m
     [33m[2m✓[22m[39m getStudentProfileTool retrieves basic student identity by Name [33m 2447[2mms[22m[39m
[31m     [31m×[31m getStudentAcademicsTool retrieves academic indicators[39m[33m 356[2mms[22m[39m
     [33m[2m✓[22m[39m getInterventionsTool retrieves an active intervention plan and calendar events [33m 1100[2mms[22m[39m
[31m     [31m×[31m searchStudentNotesTool searches vector embeddings for query[39m[33m 996[2mms[22m[39m

[31m⎯⎯⎯⎯⎯⎯⎯[39m[1m[41m Failed Tests 2 [49m[22m[31m⎯⎯⎯⎯⎯⎯⎯[39m

[41m[1m FAIL [22m[49m tests/mastra-tools.test.ts[2m > [22mMastra Database Tools Integration Tests[2m > [22mgetStudentAcademicsTool retrieves academic indicators
[31m[1mAssertionError[22m: expected undefined to be 85 // Object.is equality[39m

[32m- Expected:[39m 
85

[31m+ Received:[39m 
undefined

[36m [2m❯[22m tests/mastra-tools.test.ts:[2m39:50[22m[39m
    [90m 37| [39m        [34mexpect[39m(result[33m.[39mmessage)[33m.[39m[34mtoContain[39m([32m'Successfully retrieved'[39m)[33m;[39m
    [90m 38| [39m        [34mexpect[39m(result[33m.[39macademics[33m?.[39mgpa)[33m.[39m[34mtoBe[39m([34m2.8[39m)[33m;[39m
    [90m 39| [39m        [34mexpect[39m(result[33m.[39macademics[33m?.[39mattendanceRate)[33m.[39m[34mtoBe[39m([34m85.0[39m)[33m;[39m
    [90m   | [39m                                                 [31m^[39m
    [90m 40| [39m    })[33m;[39m
    [90m 41| [39m

[31m[2m⎯⎯⎯⎯⎯⎯⎯⎯⎯⎯⎯⎯⎯⎯⎯⎯⎯⎯⎯⎯⎯⎯⎯⎯[1/2]⎯[22m[39m

[41m[1m FAIL [22m[49m tests/mastra-tools.test.ts[2m > [22mMastra Database Tools Integration Tests[2m > [22msearchStudentNotesTool searches vector embeddings for query
[31m[1mAssertionError[22m: expected 'Marcus missed class on Friday because…' to contain 'transportation'[39m

Expected: [32m"transportation"[39m
Received: [31m"Marcus missed class on Friday because he missed the bus. Transportation issues seem to be recurring."[39m

[36m [2m❯[22m tests/mastra-tools.test.ts:[2m54:43[22m[39m
    [90m 52| [39m        [34mexpect[39m(result[33m.[39mmessage)[33m.[39m[34mtoContain[39m([32m'Successfully retrieved'[39m)[33m;[39m
    [90m 53| [39m        [34mexpect[39m(result[33m.[39mnotes[33m?.[39mlength)[33m.[39m[34mtoBeGreaterThan[39m([34m0[39m)[33m;[39m
    [90m 54| [39m        [34mexpect[39m(result[33m.[39mnotes[33m?.[39m[[34m0[39m][33m.[39mcontent)[33m.[39m[34mtoContain[39m([32m'transportation'[39m)[33m;[39m
    [90m   | [39m                                          [31m^[39m
    [90m 55| [39m    })[33m;[39m
    [90m 56| [39m})[33m;[39m

[31m[2m⎯⎯⎯⎯⎯⎯⎯⎯⎯⎯⎯⎯⎯⎯⎯⎯⎯⎯⎯⎯⎯⎯⎯⎯[2/2]⎯[22m[39m


[2m Test Files [22m [1m[31m1 failed[39m[22m[90m (1)[39m
[2m      Tests [22m [1m[31m2 failed[39m[22m[2m | [22m[1m[32m3 passed[39m[22m[90m (5)[39m
[2m   Start at [22m 02:38:20
[2m   Duration [22m 9.25s[2m (transform 323ms, setup 144ms, import 1.19s, tests 7.46s, environment 0ms)[22m

